// Jest Snapshot v1, https://goo.gl/fbAQLP

exports[`Graph print should return the correct string representation 1`] = `
"1 => 3
2
3 => 1"
`;

exports[`Graph print should return the correct string representation 2`] = `
"1 => 2
2"
`;
