// Jest Snapshot v1, https://goo.gl/fbAQLP

exports[`Tree print should return the correct string representation 1`] = `
"|--1
|  |--2
|  |  |--3
|  |  |  |--5
|  |  |--4
"
`;
